
#
# List of symbols exported from dylib.
# Symbols must be in mangled form (prepended with underscore).
#


_snowflake_query_result_capture_init
_snowflake_global_init
_snowflake_global_term
_snowflake_global_set_attribute
_snowflake_global_get_attribute
_snowflake_init
_snowflake_term
_snowflake_connect
_snowflake_set_attribute
_snowflake_get_attribute
_snowflake_stmt
_snowflake_query_result_capture_term
_snowflake_stmt_term
_snowflake_trans_begin
_snowflake_trans_commit
_snowflake_trans_rollback
_snowflake_stmt_error
_snowflake_error
_snowflake_propagate_error
_snowflake_query
_snowflake_affected_rows
_snowflake_num_rows
_snowflake_num_fields
_snowflake_sqlstate
_snowflake_desc
_snowflake_prepare
_snowflake_stmt_set_attr
_snowflake_stmt_get_attr
_snowflake_execute
_snowflake_execute_with_capture
_snowflake_describe_with_capture
_snowflake_next_result
_snowflake_fetch
_snowflake_num_params
_snowflake_bind_input_init
_snowflake_bind_param
_snowflake_bind_param_array
_snowflake_sfqid
_snowflake_type_to_string
_snowflake_c_type_to_string
_snowflake_column_as_boolean
_snowflake_column_as_uint8
_snowflake_column_as_uint32
_snowflake_column_as_uint64
_snowflake_column_as_int8
_snowflake_column_as_int32
_snowflake_column_as_int64
_snowflake_column_as_float32
_snowflake_column_as_float64
_snowflake_column_as_timestamp
_snowflake_column_as_const_str
_snowflake_raw_value_to_str_rep
_snowflake_column_as_str
_snowflake_column_strlen
_snowflake_column_is_null
_snowflake_timestamp_from_parts
_snowflake_timestamp_from_epoch_seconds
_snowflake_timestamp_to_string
_snowflake_timestamp_get_epoch_seconds
_snowflake_timestamp_get_nanoseconds
_snowflake_timestamp_get_seconds
_snowflake_timestamp_get_minutes
_snowflake_timestamp_get_hours
_snowflake_timestamp_get_wday
_snowflake_timestamp_get_mday
_snowflake_timestamp_get_yday
_snowflake_timestamp_get_month
_snowflake_timestamp_get_year
_snowflake_timestamp_get_tzoffset
_snowflake_timestamp_get_scale
_sf_setenv
_sf_unsetenv
_sf_getenv_s
_sf_get_tmp_dir
_sf_calloc
_sf_free
_uuid4_generate
