MSBuild version 17.14.60+43b635718 for .NET Framework

  1>
  -- Install configuration: "Debug"
  -- Installing: C:/workspaces/libsnowflakeclient/deps/arrow-22.0.0/cpp/cmake-build-win64-VS17-Debug/xsimd_ep/src/xsimd_ep-install/include/xsimd
  -- Installing: C:/workspaces/libsnowflakeclient/deps/arrow-22.0.0/cpp/cmake-build-win64-VS17-Debug/xsimd_ep/src/xsimd_ep-install/include/xsimd/arch
  -- Installing: C:/workspaces/libsnowflakeclient/deps/arrow-22.0.0/cpp/cmake-build-win64-VS17-Debug/xsimd_ep/src/xsimd_ep-install/include/xsimd/arch/generic
  -- Installing: C:/workspaces/libsnowflakeclient/deps/arrow-22.0.0/cpp/cmake-build-win64-VS17-Debug/xsimd_ep/src/xsimd_ep-install/include/xsimd/arch/generic/xsimd_generic_arithmetic.hpp
  -- Installing: C:/workspaces/libsnowflakeclient/deps/arrow-22.0.0/cpp/cmake-build-win64-VS17-Debug/xsimd_ep/src/xsimd_ep-install/include/xsimd/arch/generic/xsimd_generic_complex.hpp
  -- Installing: C:/workspaces/libsnowflakeclient/deps/arrow-22.0.0/cpp/cmake-build-win64-VS17-Debug/xsimd_ep/src/xsimd_ep-install/include/xsimd/arch/generic/xsimd_generic_details.hpp
  -- Installing: C:/workspaces/libsnowflakeclient/deps/arrow-22.0.0/cpp/cmake-build-win64-VS17-Debug/xsimd_ep/src/xsimd_ep-install/include/xsimd/arch/generic/xsimd_generic_logical.hpp
  -- Installing: C:/workspaces/libsnowflakeclient/deps/arrow-22.0.0/cpp/cmake-build-win64-VS17-Debug/xsimd_ep/src/xsimd_ep-install/include/xsimd/arch/generic/xsimd_generic_math.hpp
  -- Installing: C:/workspaces/libsnowflakeclient/deps/arrow-22.0.0/cpp/cmake-build-win64-VS17-Debug/xsimd_ep/src/xsimd_ep-install/include/xsimd/arch/generic/xsimd_generic_memory.hpp
  -- Installing: C:/workspaces/libsnowflakeclient/deps/arrow-22.0.0/cpp/cmake-build-win64-VS17-Debug/xsimd_ep/src/xsimd_ep-install/include/xsimd/arch/generic/xsimd_generic_rounding.hpp
  -- Installing: C:/workspaces/libsnowflakeclient/deps/arrow-22.0.0/cpp/cmake-build-win64-VS17-Debug/xsimd_ep/src/xsimd_ep-install/include/xsimd/arch/generic/xsimd_generic_trigo.hpp
  -- Installing: C:/workspaces/libsnowflakeclient/deps/arrow-22.0.0/cpp/cmake-build-win64-VS17-Debug/xsimd_ep/src/xsimd_ep-install/include/xsimd/arch/xsimd_avx.hpp
  -- Installing: C:/workspaces/libsnowflakeclient/deps/arrow-22.0.0/cpp/cmake-build-win64-VS17-Debug/xsimd_ep/src/xsimd_ep-install/include/xsimd/arch/xsimd_avx2.hpp
  -- Installing: C:/workspaces/libsnowflakeclient/deps/arrow-22.0.0/cpp/cmake-build-win64-VS17-Debug/xsimd_ep/src/xsimd_ep-install/include/xsimd/arch/xsimd_avx512bw.hpp
  -- Installing: C:/workspaces/libsnowflakeclient/deps/arrow-22.0.0/cpp/cmake-build-win64-VS17-Debug/xsimd_ep/src/xsimd_ep-install/include/xsimd/arch/xsimd_avx512cd.hpp
  -- Installing: C:/workspaces/libsnowflakeclient/deps/arrow-22.0.0/cpp/cmake-build-win64-VS17-Debug/xsimd_ep/src/xsimd_ep-install/include/xsimd/arch/xsimd_avx512dq.hpp
  -- Installing: C:/workspaces/libsnowflakeclient/deps/arrow-22.0.0/cpp/cmake-build-win64-VS17-Debug/xsimd_ep/src/xsimd_ep-install/include/xsimd/arch/xsimd_avx512er.hpp
  -- Installing: C:/workspaces/libsnowflakeclient/deps/arrow-22.0.0/cpp/cmake-build-win64-VS17-Debug/xsimd_ep/src/xsimd_ep-install/include/xsimd/arch/xsimd_avx512f.hpp
  -- Installing: C:/workspaces/libsnowflakeclient/deps/arrow-22.0.0/cpp/cmake-build-win64-VS17-Debug/xsimd_ep/src/xsimd_ep-install/include/xsimd/arch/xsimd_avx512ifma.hpp
  -- Installing: C:/workspaces/libsnowflakeclient/deps/arrow-22.0.0/cpp/cmake-build-win64-VS17-Debug/xsimd_ep/src/xsimd_ep-install/include/xsimd/arch/xsimd_avx512pf.hpp
  -- Installing: C:/workspaces/libsnowflakeclient/deps/arrow-22.0.0/cpp/cmake-build-win64-VS17-Debug/xsimd_ep/src/xsimd_ep-install/include/xsimd/arch/xsimd_avx512vbmi.hpp
  -- Installing: C:/workspaces/libsnowflakeclient/deps/arrow-22.0.0/cpp/cmake-build-win64-VS17-Debug/xsimd_ep/src/xsimd_ep-install/include/xsimd/arch/xsimd_avx512vnni_avx512bw.hpp
  -- Installing: C:/workspaces/libsnowflakeclient/deps/arrow-22.0.0/cpp/cmake-build-win64-VS17-Debug/xsimd_ep/src/xsimd_ep-install/include/xsimd/arch/xsimd_avx512vnni_avx512vbmi.hpp
  -- Installing: C:/workspaces/libsnowflakeclient/deps/arrow-22.0.0/cpp/cmake-build-win64-VS17-Debug/xsimd_ep/src/xsimd_ep-install/include/xsimd/arch/xsimd_avxvnni.hpp
  -- Installing: C:/workspaces/libsnowflakeclient/deps/arrow-22.0.0/cpp/cmake-build-win64-VS17-Debug/xsimd_ep/src/xsimd_ep-install/include/xsimd/arch/xsimd_constants.hpp
  -- Installing: C:/workspaces/libsnowflakeclient/deps/arrow-22.0.0/cpp/cmake-build-win64-VS17-Debug/xsimd_ep/src/xsimd_ep-install/include/xsimd/arch/xsimd_emulated.hpp
  -- Installing: C:/workspaces/libsnowflakeclient/deps/arrow-22.0.0/cpp/cmake-build-win64-VS17-Debug/xsimd_ep/src/xsimd_ep-install/include/xsimd/arch/xsimd_fma3_avx.hpp
  -- Installing: C:/workspaces/libsnowflakeclient/deps/arrow-22.0.0/cpp/cmake-build-win64-VS17-Debug/xsimd_ep/src/xsimd_ep-install/include/xsimd/arch/xsimd_fma3_avx2.hpp
  -- Installing: C:/workspaces/libsnowflakeclient/deps/arrow-22.0.0/cpp/cmake-build-win64-VS17-Debug/xsimd_ep/src/xsimd_ep-install/include/xsimd/arch/xsimd_fma3_sse.hpp
  -- Installing: C:/workspaces/libsnowflakeclient/deps/arrow-22.0.0/cpp/cmake-build-win64-VS17-Debug/xsimd_ep/src/xsimd_ep-install/include/xsimd/arch/xsimd_fma4.hpp
  -- Installing: C:/workspaces/libsnowflakeclient/deps/arrow-22.0.0/cpp/cmake-build-win64-VS17-Debug/xsimd_ep/src/xsimd_ep-install/include/xsimd/arch/xsimd_generic.hpp
  -- Installing: C:/workspaces/libsnowflakeclient/deps/arrow-22.0.0/cpp/cmake-build-win64-VS17-Debug/xsimd_ep/src/xsimd_ep-install/include/xsimd/arch/xsimd_generic_fwd.hpp
  -- Installing: C:/workspaces/libsnowflakeclient/deps/arrow-22.0.0/cpp/cmake-build-win64-VS17-Debug/xsimd_ep/src/xsimd_ep-install/include/xsimd/arch/xsimd_i8mm_neon64.hpp
  -- Installing: C:/workspaces/libsnowflakeclient/deps/arrow-22.0.0/cpp/cmake-build-win64-VS17-Debug/xsimd_ep/src/xsimd_ep-install/include/xsimd/arch/xsimd_isa.hpp
  -- Installing: C:/workspaces/libsnowflakeclient/deps/arrow-22.0.0/cpp/cmake-build-win64-VS17-Debug/xsimd_ep/src/xsimd_ep-install/include/xsimd/arch/xsimd_neon.hpp
  -- Installing: C:/workspaces/libsnowflakeclient/deps/arrow-22.0.0/cpp/cmake-build-win64-VS17-Debug/xsimd_ep/src/xsimd_ep-install/include/xsimd/arch/xsimd_neon64.hpp
  -- Installing: C:/workspaces/libsnowflakeclient/deps/arrow-22.0.0/cpp/cmake-build-win64-VS17-Debug/xsimd_ep/src/xsimd_ep-install/include/xsimd/arch/xsimd_rvv.hpp
  -- Installing: C:/workspaces/libsnowflakeclient/deps/arrow-22.0.0/cpp/cmake-build-win64-VS17-Debug/xsimd_ep/src/xsimd_ep-install/include/xsimd/arch/xsimd_scalar.hpp
  -- Installing: C:/workspaces/libsnowflakeclient/deps/arrow-22.0.0/cpp/cmake-build-win64-VS17-Debug/xsimd_ep/src/xsimd_ep-install/include/xsimd/arch/xsimd_sse2.hpp
  -- Installing: C:/workspaces/libsnowflakeclient/deps/arrow-22.0.0/cpp/cmake-build-win64-VS17-Debug/xsimd_ep/src/xsimd_ep-install/include/xsimd/arch/xsimd_sse3.hpp
  -- Installing: C:/workspaces/libsnowflakeclient/deps/arrow-22.0.0/cpp/cmake-build-win64-VS17-Debug/xsimd_ep/src/xsimd_ep-install/include/xsimd/arch/xsimd_sse4_1.hpp
  -- Installing: C:/workspaces/libsnowflakeclient/deps/arrow-22.0.0/cpp/cmake-build-win64-VS17-Debug/xsimd_ep/src/xsimd_ep-install/include/xsimd/arch/xsimd_sse4_2.hpp
  -- Installing: C:/workspaces/libsnowflakeclient/deps/arrow-22.0.0/cpp/cmake-build-win64-VS17-Debug/xsimd_ep/src/xsimd_ep-install/include/xsimd/arch/xsimd_ssse3.hpp
  -- Installing: C:/workspaces/libsnowflakeclient/deps/arrow-22.0.0/cpp/cmake-build-win64-VS17-Debug/xsimd_ep/src/xsimd_ep-install/include/xsimd/arch/xsimd_sve.hpp
  -- Installing: C:/workspaces/libsnowflakeclient/deps/arrow-22.0.0/cpp/cmake-build-win64-VS17-Debug/xsimd_ep/src/xsimd_ep-install/include/xsimd/arch/xsimd_wasm.hpp
  -- Installing: C:/workspaces/libsnowflakeclient/deps/arrow-22.0.0/cpp/cmake-build-win64-VS17-Debug/xsimd_ep/src/xsimd_ep-install/include/xsimd/config
  -- Installing: C:/workspaces/libsnowflakeclient/deps/arrow-22.0.0/cpp/cmake-build-win64-VS17-Debug/xsimd_ep/src/xsimd_ep-install/include/xsimd/config/xsimd_arch.hpp
  -- Installing: C:/workspaces/libsnowflakeclient/deps/arrow-22.0.0/cpp/cmake-build-win64-VS17-Debug/xsimd_ep/src/xsimd_ep-install/include/xsimd/config/xsimd_config.hpp
  -- Installing: C:/workspaces/libsnowflakeclient/deps/arrow-22.0.0/cpp/cmake-build-win64-VS17-Debug/xsimd_ep/src/xsimd_ep-install/include/xsimd/config/xsimd_cpuid.hpp
  -- Installing: C:/workspaces/libsnowflakeclient/deps/arrow-22.0.0/cpp/cmake-build-win64-VS17-Debug/xsimd_ep/src/xsimd_ep-install/include/xsimd/config/xsimd_inline.hpp
  -- Installing: C:/workspaces/libsnowflakeclient/deps/arrow-22.0.0/cpp/cmake-build-win64-VS17-Debug/xsimd_ep/src/xsimd_ep-install/include/xsimd/math
  -- Installing: C:/workspaces/libsnowflakeclient/deps/arrow-22.0.0/cpp/cmake-build-win64-VS17-Debug/xsimd_ep/src/xsimd_ep-install/include/xsimd/math/xsimd_rem_pio2.hpp
  -- Installing: C:/workspaces/libsnowflakeclient/deps/arrow-22.0.0/cpp/cmake-build-win64-VS17-Debug/xsimd_ep/src/xsimd_ep-install/include/xsimd/memory
  -- Installing: C:/workspaces/libsnowflakeclient/deps/arrow-22.0.0/cpp/cmake-build-win64-VS17-Debug/xsimd_ep/src/xsimd_ep-install/include/xsimd/memory/xsimd_aligned_allocator.hpp
  -- Installing: C:/workspaces/libsnowflakeclient/deps/arrow-22.0.0/cpp/cmake-build-win64-VS17-Debug/xsimd_ep/src/xsimd_ep-install/include/xsimd/memory/xsimd_alignment.hpp
  -- Installing: C:/workspaces/libsnowflakeclient/deps/arrow-22.0.0/cpp/cmake-build-win64-VS17-Debug/xsimd_ep/src/xsimd_ep-install/include/xsimd/types
  -- Installing: C:/workspaces/libsnowflakeclient/deps/arrow-22.0.0/cpp/cmake-build-win64-VS17-Debug/xsimd_ep/src/xsimd_ep-install/include/xsimd/types/xsimd_all_registers.hpp
  -- Installing: C:/workspaces/libsnowflakeclient/deps/arrow-22.0.0/cpp/cmake-build-win64-VS17-Debug/xsimd_ep/src/xsimd_ep-install/include/xsimd/types/xsimd_api.hpp
  -- Installing: C:/workspaces/libsnowflakeclient/deps/arrow-22.0.0/cpp/cmake-build-win64-VS17-Debug/xsimd_ep/src/xsimd_ep-install/include/xsimd/types/xsimd_avx2_register.hpp
  -- Installing: C:/workspaces/libsnowflakeclient/deps/arrow-22.0.0/cpp/cmake-build-win64-VS17-Debug/xsimd_ep/src/xsimd_ep-install/include/xsimd/types/xsimd_avx512bw_register.hpp
  -- Installing: C:/workspaces/libsnowflakeclient/deps/arrow-22.0.0/cpp/cmake-build-win64-VS17-Debug/xsimd_ep/src/xsimd_ep-install/include/xsimd/types/xsimd_avx512cd_register.hpp
  -- Installing: C:/workspaces/libsnowflakeclient/deps/arrow-22.0.0/cpp/cmake-build-win64-VS17-Debug/xsimd_ep/src/xsimd_ep-install/include/xsimd/types/xsimd_avx512dq_register.hpp
  -- Installing: C:/workspaces/libsnowflakeclient/deps/arrow-22.0.0/cpp/cmake-build-win64-VS17-Debug/xsimd_ep/src/xsimd_ep-install/include/xsimd/types/xsimd_avx512er_register.hpp
  -- Installing: C:/workspaces/libsnowflakeclient/deps/arrow-22.0.0/cpp/cmake-build-win64-VS17-Debug/xsimd_ep/src/xsimd_ep-install/include/xsimd/types/xsimd_avx512f_register.hpp
  -- Installing: C:/workspaces/libsnowflakeclient/deps/arrow-22.0.0/cpp/cmake-build-win64-VS17-Debug/xsimd_ep/src/xsimd_ep-install/include/xsimd/types/xsimd_avx512ifma_register.hpp
  -- Installing: C:/workspaces/libsnowflakeclient/deps/arrow-22.0.0/cpp/cmake-build-win64-VS17-Debug/xsimd_ep/src/xsimd_ep-install/include/xsimd/types/xsimd_avx512pf_register.hpp
  -- Installing: C:/workspaces/libsnowflakeclient/deps/arrow-22.0.0/cpp/cmake-build-win64-VS17-Debug/xsimd_ep/src/xsimd_ep-install/include/xsimd/types/xsimd_avx512vbmi_register.hpp
  -- Installing: C:/workspaces/libsnowflakeclient/deps/arrow-22.0.0/cpp/cmake-build-win64-VS17-Debug/xsimd_ep/src/xsimd_ep-install/include/xsimd/types/xsimd_avx512vnni_avx512bw_register.hpp
  -- Installing: C:/workspaces/libsnowflakeclient/deps/arrow-22.0.0/cpp/cmake-build-win64-VS17-Debug/xsimd_ep/src/xsimd_ep-install/include/xsimd/types/xsimd_avx512vnni_avx512vbmi_register.hpp
  -- Installing: C:/workspaces/libsnowflakeclient/deps/arrow-22.0.0/cpp/cmake-build-win64-VS17-Debug/xsimd_ep/src/xsimd_ep-install/include/xsimd/types/xsimd_avxvnni_register.hpp
  -- Installing: C:/workspaces/libsnowflakeclient/deps/arrow-22.0.0/cpp/cmake-build-win64-VS17-Debug/xsimd_ep/src/xsimd_ep-install/include/xsimd/types/xsimd_avx_register.hpp
  -- Installing: C:/workspaces/libsnowflakeclient/deps/arrow-22.0.0/cpp/cmake-build-win64-VS17-Debug/xsimd_ep/src/xsimd_ep-install/include/xsimd/types/xsimd_batch.hpp
  -- Installing: C:/workspaces/libsnowflakeclient/deps/arrow-22.0.0/cpp/cmake-build-win64-VS17-Debug/xsimd_ep/src/xsimd_ep-install/include/xsimd/types/xsimd_batch_constant.hpp
  -- Installing: C:/workspaces/libsnowflakeclient/deps/arrow-22.0.0/cpp/cmake-build-win64-VS17-Debug/xsimd_ep/src/xsimd_ep-install/include/xsimd/types/xsimd_emulated_register.hpp
  -- Installing: C:/workspaces/libsnowflakeclient/deps/arrow-22.0.0/cpp/cmake-build-win64-VS17-Debug/xsimd_ep/src/xsimd_ep-install/include/xsimd/types/xsimd_fma3_avx2_register.hpp
  -- Installing: C:/workspaces/libsnowflakeclient/deps/arrow-22.0.0/cpp/cmake-build-win64-VS17-Debug/xsimd_ep/src/xsimd_ep-install/include/xsimd/types/xsimd_fma3_avx_register.hpp
  -- Installing: C:/workspaces/libsnowflakeclient/deps/arrow-22.0.0/cpp/cmake-build-win64-VS17-Debug/xsimd_ep/src/xsimd_ep-install/include/xsimd/types/xsimd_fma3_sse_register.hpp
  -- Installing: C:/workspaces/libsnowflakeclient/deps/arrow-22.0.0/cpp/cmake-build-win64-VS17-Debug/xsimd_ep/src/xsimd_ep-install/include/xsimd/types/xsimd_fma4_register.hpp
  -- Installing: C:/workspaces/libsnowflakeclient/deps/arrow-22.0.0/cpp/cmake-build-win64-VS17-Debug/xsimd_ep/src/xsimd_ep-install/include/xsimd/types/xsimd_generic_arch.hpp
  -- Installing: C:/workspaces/libsnowflakeclient/deps/arrow-22.0.0/cpp/cmake-build-win64-VS17-Debug/xsimd_ep/src/xsimd_ep-install/include/xsimd/types/xsimd_i8mm_neon64_register.hpp
  -- Installing: C:/workspaces/libsnowflakeclient/deps/arrow-22.0.0/cpp/cmake-build-win64-VS17-Debug/xsimd_ep/src/xsimd_ep-install/include/xsimd/types/xsimd_neon64_register.hpp
  -- Installing: C:/workspaces/libsnowflakeclient/deps/arrow-22.0.0/cpp/cmake-build-win64-VS17-Debug/xsimd_ep/src/xsimd_ep-install/include/xsimd/types/xsimd_neon_register.hpp
  -- Installing: C:/workspaces/libsnowflakeclient/deps/arrow-22.0.0/cpp/cmake-build-win64-VS17-Debug/xsimd_ep/src/xsimd_ep-install/include/xsimd/types/xsimd_register.hpp
  -- Installing: C:/workspaces/libsnowflakeclient/deps/arrow-22.0.0/cpp/cmake-build-win64-VS17-Debug/xsimd_ep/src/xsimd_ep-install/include/xsimd/types/xsimd_rvv_register.hpp
  -- Installing: C:/workspaces/libsnowflakeclient/deps/arrow-22.0.0/cpp/cmake-build-win64-VS17-Debug/xsimd_ep/src/xsimd_ep-install/include/xsimd/types/xsimd_sse2_register.hpp
  -- Installing: C:/workspaces/libsnowflakeclient/deps/arrow-22.0.0/cpp/cmake-build-win64-VS17-Debug/xsimd_ep/src/xsimd_ep-install/include/xsimd/types/xsimd_sse3_register.hpp
  -- Installing: C:/workspaces/libsnowflakeclient/deps/arrow-22.0.0/cpp/cmake-build-win64-VS17-Debug/xsimd_ep/src/xsimd_ep-install/include/xsimd/types/xsimd_sse4_1_register.hpp
  -- Installing: C:/workspaces/libsnowflakeclient/deps/arrow-22.0.0/cpp/cmake-build-win64-VS17-Debug/xsimd_ep/src/xsimd_ep-install/include/xsimd/types/xsimd_sse4_2_register.hpp
  -- Installing: C:/workspaces/libsnowflakeclient/deps/arrow-22.0.0/cpp/cmake-build-win64-VS17-Debug/xsimd_ep/src/xsimd_ep-install/include/xsimd/types/xsimd_ssse3_register.hpp
  -- Installing: C:/workspaces/libsnowflakeclient/deps/arrow-22.0.0/cpp/cmake-build-win64-VS17-Debug/xsimd_ep/src/xsimd_ep-install/include/xsimd/types/xsimd_sve_register.hpp
  -- Installing: C:/workspaces/libsnowflakeclient/deps/arrow-22.0.0/cpp/cmake-build-win64-VS17-Debug/xsimd_ep/src/xsimd_ep-install/include/xsimd/types/xsimd_traits.hpp
  -- Installing: C:/workspaces/libsnowflakeclient/deps/arrow-22.0.0/cpp/cmake-build-win64-VS17-Debug/xsimd_ep/src/xsimd_ep-install/include/xsimd/types/xsimd_utils.hpp
  -- Installing: C:/workspaces/libsnowflakeclient/deps/arrow-22.0.0/cpp/cmake-build-win64-VS17-Debug/xsimd_ep/src/xsimd_ep-install/include/xsimd/types/xsimd_wasm_register.hpp
  -- Installing: C:/workspaces/libsnowflakeclient/deps/arrow-22.0.0/cpp/cmake-build-win64-VS17-Debug/xsimd_ep/src/xsimd_ep-install/include/xsimd/xsimd.hpp
  -- Installing: C:/workspaces/libsnowflakeclient/deps/arrow-22.0.0/cpp/cmake-build-win64-VS17-Debug/xsimd_ep/src/xsimd_ep-install/lib/cmake/xsimd/xsimdConfig.cmake
  -- Installing: C:/workspaces/libsnowflakeclient/deps/arrow-22.0.0/cpp/cmake-build-win64-VS17-Debug/xsimd_ep/src/xsimd_ep-install/lib/cmake/xsimd/xsimdConfigVersion.cmake
  -- Installing: C:/workspaces/libsnowflakeclient/deps/arrow-22.0.0/cpp/cmake-build-win64-VS17-Debug/xsimd_ep/src/xsimd_ep-install/lib/cmake/xsimd/xsimdTargets.cmake
  -- Installing: C:/workspaces/libsnowflakeclient/deps/arrow-22.0.0/cpp/cmake-build-win64-VS17-Debug/xsimd_ep/src/xsimd_ep-install/lib/pkgconfig/xsimd.pc
